// Bun Snapshot v1, https://bun.sh/docs/test/snapshots

exports[`data source invariants (widget samples + ORDER completeness) semantic snapshot: characters, themes, widgets (excludes the static xterm palette) 1`] = `
{
  "characters": [
    {
      "color": "#ff5f5f",
      "display": "Spiderman",
      "emblem": "🕷",
      "name": "spiderman",
    },
    {
      "color": "#ffd700",
      "display": "Batman",
      "emblem": "🦇",
      "name": "batman",
    },
    {
      "color": "#ffd7ff",
      "display": "Barbie",
      "emblem": "💅",
      "name": "barbie",
    },
    {
      "color": "#ff0000",
      "display": "Iron Man",
      "emblem": "◉",
      "name": "iron-man",
    },
    {
      "color": "#00d700",
      "display": "Ben 10",
      "emblem": "⧗",
      "name": "ben10",
    },
    {
      "color": "#ffd7ff",
      "display": "Hello Kitty",
      "emblem": "🎀",
      "name": "hello-kitty",
    },
    {
      "color": "#ff0000",
      "display": "Shin-chan",
      "emblem": "🖍",
      "name": "shinchan",
    },
    {
      "color": "#d7ffff",
      "display": "James Bond",
      "emblem": "🍸",
      "name": "james-bond",
    },
    {
      "color": "#ffff00",
      "display": "Pikachu",
      "emblem": "✨",
      "name": "pikachu",
    },
    {
      "color": "#afd7ff",
      "display": "Gandalf",
      "emblem": "💍",
      "name": "gandalf",
    },
    {
      "color": "#d75f00",
      "display": "Naruto",
      "emblem": "🍜",
      "name": "naruto",
    },
    {
      "color": "#005fff",
      "display": "Superman",
      "emblem": "🦸",
      "name": "superman",
    },
    {
      "color": "#af87ff",
      "display": "Joker",
      "emblem": "🤡",
      "name": "joker",
    },
    {
      "color": "#ff0000",
      "display": "Darth Vader",
      "emblem": "☠",
      "name": "darth-vader",
    },
    {
      "color": "#ff0000",
      "display": "Harry Potter",
      "emblem": "⚡",
      "name": "harry-potter",
    },
    {
      "color": "#ff8787",
      "display": "Deadpool",
      "emblem": "⚔",
      "name": "deadpool",
    },
    {
      "color": "#ffffd7",
      "display": "Sherlock Holmes",
      "emblem": "🕵",
      "name": "sherlock-holmes",
    },
    {
      "color": "#afd787",
      "display": "Yoda",
      "emblem": "🧙",
      "name": "yoda",
    },
  ],
  "themes": [
    {
      "bg": "#0d1117",
      "character": false,
      "crit": "#ff5f5f",
      "display": "Houston",
      "fg": "#5fafff",
      "hues": [
        "#5fafff",
        "#afafff",
        "#5fd75f",
        "#ffd787",
        "#ff8787",
      ],
      "name": "houston",
      "ok": "#5fd75f",
      "sep": "#afafff",
      "warn": "#ffaf00",
    },
    {
      "bg": "#0d1117",
      "character": false,
      "crit": "#ff5f5f",
      "display": "Dracula",
      "fg": "#ff87d7",
      "hues": [
        "#ff87d7",
        "#af87ff",
        "#5fff87",
        "#ffff87",
        "#ff5f5f",
      ],
      "name": "dracula",
      "ok": "#5fff87",
      "sep": "#8787af",
      "warn": "#ffaf00",
    },
    {
      "bg": "#0d1117",
      "character": false,
      "crit": "#d78787",
      "display": "Nord",
      "fg": "#87afd7",
      "hues": [
        "#87afd7",
        "#87afaf",
        "#87d7d7",
        "#afaf87",
        "#d78787",
      ],
      "name": "nord",
      "ok": "#87d787",
      "sep": "#87afaf",
      "warn": "#d7af5f",
    },
    {
      "bg": "#0d1117",
      "character": false,
      "crit": "#ff5f5f",
      "display": "One Dark",
      "fg": "#5fafff",
      "hues": [
        "#5fafff",
        "#87af87",
        "#d787d7",
        "#5fafaf",
        "#d7af87",
      ],
      "name": "oneDark",
      "ok": "#87af87",
      "sep": "#87af87",
      "warn": "#d7af87",
    },
    {
      "bg": "#0d1117",
      "character": false,
      "crit": "#d78787",
      "display": "Gruvbox Dark",
      "fg": "#ffaf00",
      "hues": [
        "#ffaf00",
        "#ff8700",
        "#afaf00",
        "#87af87",
        "#d78787",
      ],
      "name": "gruvboxDark",
      "ok": "#87af87",
      "sep": "#ffaf00",
      "warn": "#ffaf00",
    },
    {
      "bg": "#0d1117",
      "character": false,
      "crit": "#ff5f5f",
      "display": "Tokyo Night",
      "fg": "#5f5f87",
      "hues": [
        "#87afff",
        "#af87ff",
        "#87d7ff",
        "#afd75f",
        "#d7af5f",
      ],
      "name": "tokyoNight",
      "ok": "#afd75f",
      "sep": "#afd75f",
      "warn": "#d7af5f",
    },
    {
      "bg": "#0d1117",
      "character": false,
      "crit": "#ff5f5f",
      "display": "Tokyo Night Storm",
      "fg": "#5f5f87",
      "hues": [
        "#87afff",
        "#af87d7",
        "#87d7ff",
        "#5fd7d7",
        "#d7af5f",
      ],
      "name": "tokyoNightStorm",
      "ok": "#00ff00",
      "sep": "#d7af5f",
      "warn": "#d7af5f",
    },
    {
      "bg": "#0d1117",
      "character": false,
      "crit": "#ff5f5f",
      "display": "Catppuccin Mocha",
      "fg": "#d7afff",
      "hues": [
        "#d7afff",
        "#ffafd7",
        "#87afff",
        "#afd7af",
        "#ffaf87",
      ],
      "name": "catppuccinMocha",
      "ok": "#afd7af",
      "sep": "#ffaf87",
      "warn": "#ffaf00",
    },
    {
      "bg": "#0d1117",
      "character": false,
      "crit": "#d75f5f",
      "display": "Solarized Dark",
      "fg": "#0087d7",
      "hues": [
        "#0087d7",
        "#00af87",
        "#d7af00",
        "#af8700",
        "#d75f87",
      ],
      "name": "solarizedDark",
      "ok": "#00ff00",
      "sep": "#878700",
      "warn": "#af8700",
    },
    {
      "bg": "#0d1117",
      "character": false,
      "crit": "#ff5f5f",
      "display": "Monokai",
      "fg": "#ff005f",
      "hues": [
        "#ff005f",
        "#afd700",
        "#5fd7ff",
        "#ff8700",
        "#af87ff",
      ],
      "name": "monokai",
      "ok": "#00ff00",
      "sep": "#afd700",
      "warn": "#ff8700",
    },
    {
      "bg": "#0d1117",
      "character": false,
      "crit": "#ff5f87",
      "display": "Monokai Pro",
      "fg": "#ff5f87",
      "hues": [
        "#ff5f87",
        "#afd787",
        "#87d7d7",
        "#ff875f",
        "#afafff",
      ],
      "name": "monokaiPro",
      "ok": "#afd787",
      "sep": "#ff875f",
      "warn": "#ffaf00",
    },
    {
      "bg": "#0d1117",
      "character": false,
      "crit": "#ff875f",
      "display": "Material",
      "fg": "#5f5f87",
      "hues": [
        "#87afff",
        "#d787d7",
        "#87d7ff",
        "#afd787",
        "#ff875f",
      ],
      "name": "material",
      "ok": "#afd787",
      "sep": "#ff875f",
      "warn": "#ffaf00",
    },
    {
      "bg": "#0d1117",
      "character": false,
      "crit": "#ffafaf",
      "display": "Material Palenight",
      "fg": "#5f5f87",
      "hues": [
        "#87afff",
        "#af87ff",
        "#00d7ff",
        "#ffd700",
        "#ff5f5f",
      ],
      "name": "materialPalenight",
      "ok": "#afd787",
      "sep": "#afd787",
      "warn": "#ffaf00",
    },
    {
      "bg": "#0d1117",
      "character": false,
      "crit": "#ff875f",
      "display": "Night Owl",
      "fg": "#87afff",
      "hues": [
        "#87afff",
        "#87ffd7",
        "#ffd787",
        "#afd75f",
        "#ff5f5f",
      ],
      "name": "nightOwl",
      "ok": "#afd75f",
      "sep": "#5f8787",
      "warn": "#ffaf00",
    },
    {
      "bg": "#0d1117",
      "character": false,
      "crit": "#ff5f5f",
      "display": "GitHub Dark",
      "fg": "#87afff",
      "hues": [
        "#87afff",
        "#d7afff",
        "#87d787",
        "#ffaf5f",
        "#ffd75f",
      ],
      "name": "githubDark",
      "ok": "#87d787",
      "sep": "#ffaf5f",
      "warn": "#ffaf5f",
    },
    {
      "bg": "#0d1117",
      "character": false,
      "crit": "#ff5f5f",
      "display": "VS Code Dark+",
      "fg": "#5f875f",
      "hues": [
        "#5fafd7",
        "#d787af",
        "#5fd7af",
        "#d7d7af",
        "#d78787",
      ],
      "name": "vscodeDarkPlus",
      "ok": "#5fd7af",
      "sep": "#d78787",
      "warn": "#ffaf00",
    },
    {
      "bg": "#0d1117",
      "character": false,
      "crit": "#ff5f5f",
      "display": "Darcula",
      "fg": "#d7875f",
      "hues": [
        "#d7875f",
        "#5f87af",
        "#8787af",
        "#5fd75f",
        "#ffd75f",
      ],
      "name": "darcula",
      "ok": "#5fd75f",
      "sep": "#d7875f",
      "warn": "#ffd75f",
    },
    {
      "bg": "#0d1117",
      "character": false,
      "crit": "#ff5f5f",
      "display": "Xcode Dark",
      "fg": "#ff5faf",
      "hues": [
        "#ff5faf",
        "#5fafaf",
        "#5fd7ff",
        "#d7af5f",
        "#af5fd7",
      ],
      "name": "xcodeDark",
      "ok": "#00ff00",
      "sep": "#d7af5f",
      "warn": "#d7af5f",
    },
    {
      "bg": "#0d1117",
      "character": false,
      "crit": "#ff5f5f",
      "display": "Ayu Dark",
      "fg": "#ffaf5f",
      "hues": [
        "#ffaf5f",
        "#5fafff",
        "#afd75f",
        "#d7afff",
        "#87d7d7",
      ],
      "name": "ayuDark",
      "ok": "#afd75f",
      "sep": "#ffaf5f",
      "warn": "#ffaf5f",
    },
    {
      "bg": "#0d1117",
      "character": false,
      "crit": "#ff5f5f",
      "display": "Ayu Mirage",
      "fg": "#ffd787",
      "hues": [
        "#ffd787",
        "#5fd7ff",
        "#d7ff87",
        "#d7afff",
        "#87d7d7",
      ],
      "name": "ayuMirage",
      "ok": "#d7ff87",
      "sep": "#ffd787",
      "warn": "#ffd787",
    },
    {
      "bg": "#0d1117",
      "character": false,
      "crit": "#ff5f5f",
      "display": "Oceanic Next",
      "fg": "#5f87d7",
      "hues": [
        "#5f87d7",
        "#d787d7",
        "#5fafaf",
        "#87d787",
        "#ffd75f",
      ],
      "name": "oceanicNext",
      "ok": "#87d787",
      "sep": "#ffd75f",
      "warn": "#ffd75f",
    },
    {
      "bg": "#0d1117",
      "character": false,
      "crit": "#ff5f5f",
      "display": "Panda",
      "fg": "#ff87af",
      "hues": [
        "#ff87af",
        "#00ffd7",
        "#ffaf5f",
        "#5fafff",
        "#af87d7",
      ],
      "name": "panda",
      "ok": "#00ff00",
      "sep": "#ffaf5f",
      "warn": "#ffaf5f",
    },
    {
      "bg": "#0d1117",
      "character": false,
      "crit": "#d75f5f",
      "display": "Horizon",
      "fg": "#5f5f87",
      "hues": [
        "#d75f87",
        "#ffaf87",
        "#00d787",
        "#00afd7",
        "#ff5faf",
      ],
      "name": "horizon",
      "ok": "#00d787",
      "sep": "#d75f87",
      "warn": "#ffaf00",
    },
    {
      "bg": "#0d1117",
      "character": false,
      "crit": "#d75f5f",
      "display": "Everforest",
      "fg": "#afaf87",
      "hues": [
        "#afd75f",
        "#ffd787",
        "#87d7af",
        "#d7875f",
        "#d78787",
      ],
      "name": "everforest",
      "ok": "#87af87",
      "sep": "#afaf87",
      "warn": "#d7af87",
    },
    {
      "bg": "#0d1117",
      "character": false,
      "crit": "#d7afaf",
      "display": "Rosé Pine",
      "fg": "#5f5f87",
      "hues": [
        "#d7afaf",
        "#5fafd7",
        "#afd7d7",
        "#d7afd7",
        "#ffaf87",
      ],
      "name": "rosePine",
      "ok": "#00ff00",
      "sep": "#5f8787",
      "warn": "#ffaf00",
    },
    {
      "bg": "#0d1117",
      "character": false,
      "crit": "#d78787",
      "display": "Rosé Pine Moon",
      "fg": "#5f5f87",
      "hues": [
        "#ffafaf",
        "#5fafff",
        "#87ffd7",
        "#d7afff",
        "#ffd7af",
      ],
      "name": "rosePineMoon",
      "ok": "#00ff00",
      "sep": "#d78787",
      "warn": "#ffaf00",
    },
    {
      "bg": "#0d1117",
      "character": false,
      "crit": "#ff5f5f",
      "display": "Kanagawa",
      "fg": "#87afd7",
      "hues": [
        "#87afd7",
        "#8787af",
        "#5fd7af",
        "#87af5f",
        "#d7af87",
      ],
      "name": "kanagawa",
      "ok": "#87af5f",
      "sep": "#87af5f",
      "warn": "#d7af87",
    },
    {
      "bg": "#0d1117",
      "character": false,
      "crit": "#ff5f5f",
      "display": "Tomorrow Night",
      "fg": "#87afaf",
      "hues": [
        "#87afd7",
        "#d7afd7",
        "#afd75f",
        "#ffd787",
        "#d75f5f",
      ],
      "name": "tomorrowNight",
      "ok": "#00ff00",
      "sep": "#afaf5f",
      "warn": "#ffaf00",
    },
    {
      "bg": "#0d1117",
      "character": false,
      "crit": "#d7afaf",
      "display": "Zenburn",
      "fg": "#87af87",
      "hues": [
        "#d7afaf",
        "#87af87",
        "#ffd7af",
        "#87d7d7",
        "#d787af",
      ],
      "name": "zenburn",
      "ok": "#87af87",
      "sep": "#87af87",
      "warn": "#ffd7af",
    },
    {
      "bg": "#0d1117",
      "character": false,
      "crit": "#ff5f5f",
      "display": "Iceberg",
      "fg": "#5f5f87",
      "hues": [
        "#87afd7",
        "#af87d7",
        "#afd75f",
        "#d7af87",
        "#d78787",
      ],
      "name": "iceberg",
      "ok": "#00ff00",
      "sep": "#afaf87",
      "warn": "#ffaf00",
    },
    {
      "bg": "#0d1117",
      "character": false,
      "crit": "#ff5f5f",
      "display": "Embark",
      "fg": "#ff87af",
      "hues": [
        "#ff87af",
        "#87d7ff",
        "#87d7d7",
        "#afffd7",
        "#d7afff",
      ],
      "name": "embark",
      "ok": "#afffd7",
      "sep": "#ff87af",
      "warn": "#ffaf00",
    },
    {
      "bg": "#0d1117",
      "character": false,
      "crit": "#ff5f5f",
      "display": "Poimandres",
      "fg": "#5f5f87",
      "hues": [
        "#5fd7d7",
        "#87d7ff",
        "#afd7ff",
        "#ff87af",
        "#ffffaf",
      ],
      "name": "poimandres",
      "ok": "#00ff00",
      "sep": "#ff87af",
      "warn": "#ffaf00",
    },
    {
      "bg": "#0d1117",
      "character": false,
      "crit": "#ff8787",
      "display": "Vesper",
      "fg": "#ffd787",
      "hues": [
        "#ffd787",
        "#87ffd7",
        "#ff8787",
        "#ffd7af",
      ],
      "name": "vesper",
      "ok": "#87ffd7",
      "sep": "#ffd787",
      "warn": "#ffd787",
    },
    {
      "bg": "#0d1117",
      "character": false,
      "crit": "#ff5f5f",
      "display": "Nightfox",
      "fg": "#5fafd7",
      "hues": [
        "#5fafd7",
        "#af87d7",
        "#5fd7d7",
        "#87af87",
        "#d7af87",
      ],
      "name": "nightfox",
      "ok": "#87af87",
      "sep": "#87af87",
      "warn": "#d7af87",
    },
    {
      "bg": "#0d1117",
      "character": false,
      "crit": "#ff5f87",
      "display": "Carbonfox",
      "fg": "#87afff",
      "hues": [
        "#87afff",
        "#af87ff",
        "#5fafff",
        "#00af5f",
        "#ff5f87",
      ],
      "name": "carbonfox",
      "ok": "#00af5f",
      "sep": "#5fafff",
      "warn": "#ffaf00",
    },
    {
      "bg": "#0d1117",
      "character": false,
      "crit": "#ff5f5f",
      "display": "Moonlight",
      "fg": "#8787d7",
      "hues": [
        "#87afff",
        "#d787ff",
        "#87ffff",
        "#ff87af",
        "#afff5f",
      ],
      "name": "moonlight",
      "ok": "#afd787",
      "sep": "#afd787",
      "warn": "#ffd787",
    },
    {
      "bg": "#0d1117",
      "character": false,
      "crit": "#ff5f5f",
      "display": "Andromeda",
      "fg": "#00d7d7",
      "hues": [
        "#00d7d7",
        "#ff5f5f",
        "#d75fff",
        "#87d75f",
        "#ffd75f",
      ],
      "name": "andromeda",
      "ok": "#87d75f",
      "sep": "#00d7d7",
      "warn": "#ffd75f",
    },
    {
      "bg": "#0d1117",
      "character": false,
      "crit": "#ff5f5f",
      "display": "Bluloco Dark",
      "fg": "#5f5f87",
      "hues": [
        "#5f87ff",
        "#8787d7",
        "#00d7ff",
        "#5fd75f",
        "#ffd75f",
      ],
      "name": "blulocoDark",
      "ok": "#5fd75f",
      "sep": "#5fd75f",
      "warn": "#ffd75f",
    },
    {
      "bg": "#0d1117",
      "character": false,
      "crit": "#ff5f5f",
      "display": "Spacegray",
      "fg": "#87afaf",
      "hues": [
        "#87afff",
        "#d7afd7",
        "#87d787",
        "#d7af87",
        "#d78787",
      ],
      "name": "spacegray",
      "ok": "#00ff00",
      "sep": "#afaf87",
      "warn": "#ffaf00",
    },
    {
      "bg": "#0d1117",
      "character": false,
      "crit": "#ff875f",
      "display": "Palenight",
      "fg": "#5f5f87",
      "hues": [
        "#d787ff",
        "#87d7ff",
        "#ffaf5f",
        "#afd787",
        "#ff5f87",
      ],
      "name": "palenight",
      "ok": "#afd787",
      "sep": "#ff875f",
      "warn": "#ffaf00",
    },
    {
      "bg": "#0d1117",
      "character": false,
      "crit": "#d75f5f",
      "display": "Gotham",
      "fg": "#5f5f87",
      "hues": [
        "#5fafaf",
        "#00af87",
        "#d75f5f",
        "#af5f00",
        "#87d7d7",
      ],
      "name": "gotham",
      "ok": "#00ff00",
      "sep": "#af5f00",
      "warn": "#af5f00",
    },
    {
      "bg": "#0d1117",
      "character": false,
      "crit": "#af8787",
      "display": "Apprentice",
      "fg": "#5f87af",
      "hues": [
        "#5f87af",
        "#87af87",
        "#ffffaf",
        "#87afaf",
        "#af8787",
      ],
      "name": "apprentice",
      "ok": "#87af87",
      "sep": "#87af87",
      "warn": "#ffaf00",
    },
    {
      "bg": "#0d1117",
      "character": false,
      "crit": "#ff5f5f",
      "display": "GitHub Dark Dimmed",
      "fg": "#5fafff",
      "hues": [
        "#5fafff",
        "#d787d7",
        "#5fd787",
        "#d7af5f",
        "#d78787",
      ],
      "name": "githubDarkDimmed",
      "ok": "#87d787",
      "sep": "#ffaf5f",
      "warn": "#ffaf5f",
    },
    {
      "bg": "#0d1117",
      "character": false,
      "crit": "#d78787",
      "display": "City Lights",
      "fg": "#5fd7ff",
      "hues": [
        "#5fd7ff",
        "#d78787",
        "#5fd7d7",
        "#87d7af",
        "#d7af87",
      ],
      "name": "cityLights",
      "ok": "#87d7af",
      "sep": "#d78787",
      "warn": "#d7af87",
    },
    {
      "bg": "#0d1117",
      "character": false,
      "crit": "#ff5f5f",
      "display": "Halcyon",
      "fg": "#5fd7d7",
      "hues": [
        "#5fd7d7",
        "#afafff",
        "#afd787",
        "#ffd75f",
        "#ff5f5f",
      ],
      "name": "halcyon",
      "ok": "#afd787",
      "sep": "#ffd75f",
      "warn": "#ffd75f",
    },
    {
      "bg": "#0d1117",
      "character": false,
      "crit": "#d78787",
      "display": "Noctis",
      "fg": "#5f8787",
      "hues": [
        "#00afaf",
        "#d78787",
        "#5fd7af",
        "#5fd7d7",
        "#d7af87",
      ],
      "name": "noctis",
      "ok": "#5fd7af",
      "sep": "#d78787",
      "warn": "#d7af87",
    },
    {
      "bg": "#0d1117",
      "character": false,
      "crit": "#af5f5f",
      "display": "Aurora Nord",
      "fg": "#afaf87",
      "hues": [
        "#af5f5f",
        "#d7875f",
        "#d7d787",
        "#afaf87",
        "#af87af",
      ],
      "name": "auroraNord",
      "ok": "#00ff00",
      "sep": "#af5f5f",
      "warn": "#ffaf00",
    },
    {
      "bg": "#0d1117",
      "character": false,
      "crit": "#d75f5f",
      "display": "Twilight",
      "fg": "#d7af5f",
      "hues": [
        "#d7af5f",
        "#87af5f",
        "#8787af",
        "#d75f5f",
      ],
      "name": "twilight",
      "ok": "#87af5f",
      "sep": "#d7af5f",
      "warn": "#d7af5f",
    },
    {
      "bg": "#0d1117",
      "character": false,
      "crit": "#ff8787",
      "display": "GitHub HC Dark",
      "fg": "#5fafff",
      "hues": [
        "#00d7ff",
        "#af5fff",
        "#00ff5f",
        "#ffd700",
        "#ff0000",
      ],
      "name": "githubHCDark",
      "ok": "#5fd75f",
      "sep": "#5fd75f",
      "warn": "#ffaf5f",
    },
    {
      "bg": "#0d1117",
      "character": false,
      "crit": "#ff5f5f",
      "display": "VS Code HC",
      "fg": "#87af5f",
      "hues": [
        "#00d7ff",
        "#af00ff",
        "#87ff00",
        "#ffff00",
        "#ff5f5f",
      ],
      "name": "vscodeHighContrast",
      "ok": "#5fd7af",
      "sep": "#5fafd7",
      "warn": "#ffaf00",
    },
    {
      "bg": "#0d1117",
      "character": false,
      "crit": "#ff5f5f",
      "display": "Tron Legacy",
      "fg": "#5fd7ff",
      "hues": [
        "#5fd7ff",
        "#00afff",
        "#afafd7",
        "#0087af",
      ],
      "name": "tronLegacy",
      "ok": "#00ff00",
      "sep": "#0087af",
      "warn": "#ffaf00",
    },
    {
      "bg": "#0d1117",
      "character": false,
      "crit": "#ff875f",
      "display": "Synthwave '84",
      "fg": "#8787af",
      "hues": [
        "#ff87d7",
        "#ff875f",
        "#ffd75f",
        "#5fffaf",
        "#5fffff",
      ],
      "name": "synthwave84",
      "ok": "#5fffaf",
      "sep": "#5f5f87",
      "warn": "#ffd75f",
    },
    {
      "bg": "#0d1117",
      "character": false,
      "crit": "#ff5f5f",
      "display": "Cyberpunk 2077",
      "fg": "#5f5f87",
      "hues": [
        "#00ffff",
        "#ff005f",
        "#ffff00",
        "#d700d7",
        "#00ffaf",
      ],
      "name": "cyberpunk2077",
      "ok": "#00ffaf",
      "sep": "#ffff00",
      "warn": "#ffaf00",
    },
    {
      "bg": "#0d1117",
      "character": false,
      "crit": "#ff5f5f",
      "display": "Outrun",
      "fg": "#5f5f87",
      "hues": [
        "#ff0087",
        "#ffd700",
        "#00d7d7",
        "#d787ff",
        "#ffaf00",
      ],
      "name": "outrun",
      "ok": "#00ff00",
      "sep": "#ffd700",
      "warn": "#ffd700",
    },
    {
      "bg": "#0d1117",
      "character": false,
      "crit": "#ff5f87",
      "display": "Shades of Purple",
      "fg": "#af5fff",
      "hues": [
        "#ffd700",
        "#afffff",
        "#ff5f87",
        "#af87d7",
        "#00af00",
      ],
      "name": "shadesOfPurple",
      "ok": "#00af00",
      "sep": "#5f5f87",
      "warn": "#ffd700",
    },
    {
      "bg": "#0d1117",
      "character": false,
      "crit": "#ff5f5f",
      "display": "Hyper Snazzy",
      "fg": "#5fd7ff",
      "hues": [
        "#ff5f5f",
        "#5fff87",
        "#ffffaf",
        "#5fd7ff",
        "#ff5faf",
      ],
      "name": "hyperSnazzy",
      "ok": "#5fff87",
      "sep": "#ff5f5f",
      "warn": "#ffaf00",
    },
    {
      "bg": "#0d1117",
      "character": false,
      "crit": "#ff5f87",
      "display": "Cobalt2",
      "fg": "#ffd700",
      "hues": [
        "#ffd700",
        "#ffaf00",
        "#5fd700",
        "#0087ff",
        "#ff5f87",
      ],
      "name": "cobalt2",
      "ok": "#5fd700",
      "sep": "#005f5f",
      "warn": "#ffd700",
    },
    {
      "bg": "#0d1117",
      "character": true,
      "crit": "#ff0000",
      "display": "Spiderman",
      "fg": "#ff5f5f",
      "hues": [
        "#ff5f5f",
        "#ff875f",
        "#00d7ff",
        "#00afff",
        "#0087ff",
      ],
      "name": "spiderman",
      "ok": "#00ff5f",
      "sep": "#5f5f87",
      "warn": "#ffaf00",
    },
    {
      "bg": "#0d1117",
      "character": true,
      "crit": "#ff0000",
      "display": "Batman",
      "fg": "#87d7ff",
      "hues": [
        "#ffd700",
        "#d7af00",
        "#87afff",
        "#5fafff",
      ],
      "name": "batman",
      "ok": "#00ff00",
      "sep": "#87afff",
      "warn": "#ffaf00",
    },
    {
      "bg": "#0d1117",
      "character": true,
      "crit": "#ff5f5f",
      "display": "Barbie",
      "fg": "#ff87d7",
      "hues": [
        "#ffd7ff",
        "#ffafd7",
        "#ff87d7",
        "#ff5fd7",
        "#ff00af",
      ],
      "name": "barbie",
      "ok": "#5fffaf",
      "sep": "#ffafd7",
      "warn": "#ffd700",
    },
    {
      "bg": "#0d1117",
      "character": true,
      "crit": "#d70000",
      "display": "Iron Man",
      "fg": "#ffd700",
      "hues": [
        "#ff0000",
        "#ff5f00",
        "#ffaf00",
        "#5fd7ff",
        "#00ffff",
      ],
      "name": "iron-man",
      "ok": "#00ff87",
      "sep": "#5fafd7",
      "warn": "#ffaf00",
    },
    {
      "bg": "#0d1117",
      "character": true,
      "crit": "#ff0000",
      "display": "Ben 10",
      "fg": "#5fff00",
      "hues": [
        "#00d700",
        "#5fff00",
        "#87ff00",
        "#afff00",
        "#d7ff00",
      ],
      "name": "ben10",
      "ok": "#00ff00",
      "sep": "#5faf5f",
      "warn": "#ffaf00",
    },
    {
      "bg": "#0d1117",
      "character": true,
      "crit": "#ff8787",
      "display": "Hello Kitty",
      "fg": "#ffd7ff",
      "hues": [
        "#ffd7ff",
        "#ffd7d7",
        "#ffafd7",
        "#ffafaf",
        "#ff87af",
      ],
      "name": "hello-kitty",
      "ok": "#87ff87",
      "sep": "#ffafff",
      "warn": "#ffd787",
    },
    {
      "bg": "#0d1117",
      "character": true,
      "crit": "#ff0000",
      "display": "Shin-chan",
      "fg": "#ffd787",
      "hues": [
        "#ff0000",
        "#ff8700",
        "#ffd700",
        "#ffff5f",
        "#ffd7af",
      ],
      "name": "shinchan",
      "ok": "#00ff00",
      "sep": "#ffd700",
      "warn": "#ffd700",
    },
    {
      "bg": "#0d1117",
      "character": true,
      "crit": "#d70000",
      "display": "James Bond",
      "fg": "#d7d7ff",
      "hues": [
        "#d7ffff",
        "#afd7d7",
        "#87afd7",
        "#5fafd7",
        "#5f87d7",
      ],
      "name": "james-bond",
      "ok": "#00d787",
      "sep": "#87afd7",
      "warn": "#ffaf00",
    },
    {
      "bg": "#0d1117",
      "character": true,
      "crit": "#ff0000",
      "display": "Pikachu",
      "fg": "#ffff00",
      "hues": [
        "#ffff00",
        "#ffd700",
        "#ffaf00",
        "#d7af00",
      ],
      "name": "pikachu",
      "ok": "#5fd700",
      "sep": "#af8700",
      "warn": "#ffaf00",
    },
    {
      "bg": "#0d1117",
      "character": true,
      "crit": "#ff5f5f",
      "display": "Gandalf",
      "fg": "#afd7ff",
      "hues": [
        "#afd7ff",
        "#d7d7ff",
        "#afafff",
        "#ffd75f",
        "#87afff",
      ],
      "name": "gandalf",
      "ok": "#5fff87",
      "sep": "#afafd7",
      "warn": "#ffd75f",
    },
    {
      "bg": "#0d1117",
      "character": true,
      "crit": "#ff5f5f",
      "display": "Naruto",
      "fg": "#ff8700",
      "hues": [
        "#d75f00",
        "#ff8700",
        "#ffaf00",
        "#0087ff",
        "#00afff",
      ],
      "name": "naruto",
      "ok": "#5fd787",
      "sep": "#00afff",
      "warn": "#ffaf00",
    },
    {
      "bg": "#0d1117",
      "character": true,
      "crit": "#ff0000",
      "display": "Superman",
      "fg": "#ff0000",
      "hues": [
        "#005fff",
        "#0087ff",
        "#ff0000",
        "#ffd700",
      ],
      "name": "superman",
      "ok": "#00d75f",
      "sep": "#5f87af",
      "warn": "#ffaf00",
    },
    {
      "bg": "#0d1117",
      "character": true,
      "crit": "#ff5f5f",
      "display": "Joker",
      "fg": "#ff87ff",
      "hues": [
        "#af87ff",
        "#ff87ff",
        "#ffd700",
        "#00d700",
        "#875fff",
      ],
      "name": "joker",
      "ok": "#00d700",
      "sep": "#af87ff",
      "warn": "#ffd700",
    },
    {
      "bg": "#0d1117",
      "character": true,
      "crit": "#ff0000",
      "display": "Darth Vader",
      "fg": "#ff0000",
      "hues": [
        "#ff0000",
        "#d70000",
        "#d78787",
        "#5f87d7",
        "#5fafd7",
      ],
      "name": "darth-vader",
      "ok": "#5faf5f",
      "sep": "#5f87af",
      "warn": "#ff8700",
    },
    {
      "bg": "#0d1117",
      "character": true,
      "crit": "#ff0000",
      "display": "Harry Potter",
      "fg": "#ffaf87",
      "hues": [
        "#ff0000",
        "#ff5f00",
        "#ff8700",
        "#ffaf00",
        "#ffd700",
      ],
      "name": "harry-potter",
      "ok": "#5fd75f",
      "sep": "#d7af87",
      "warn": "#ffaf00",
    },
    {
      "bg": "#0d1117",
      "character": true,
      "crit": "#ff0000",
      "display": "Deadpool",
      "fg": "#ff0000",
      "hues": [
        "#ff8787",
        "#ff875f",
        "#ff5f5f",
        "#ff0000",
        "#d70000",
      ],
      "name": "deadpool",
      "ok": "#00ff5f",
      "sep": "#af5f5f",
      "warn": "#ffaf00",
    },
    {
      "bg": "#0d1117",
      "character": true,
      "crit": "#d75f5f",
      "display": "Sherlock Holmes",
      "fg": "#ffffd7",
      "hues": [
        "#ffffd7",
        "#ffd7af",
        "#d7af87",
        "#d7af5f",
        "#d7af00",
      ],
      "name": "sherlock-holmes",
      "ok": "#87d787",
      "sep": "#afaf87",
      "warn": "#d7af5f",
    },
    {
      "bg": "#0d1117",
      "character": true,
      "crit": "#ff5f5f",
      "display": "Yoda",
      "fg": "#afd7af",
      "hues": [
        "#afd787",
        "#87d75f",
        "#87af5f",
        "#afaf5f",
        "#5faf5f",
      ],
      "name": "yoda",
      "ok": "#5fff87",
      "sep": "#87af87",
      "warn": "#d7af00",
    },
  ],
  "widgets": [
    {
      "icon": "📁",
      "id": "dir",
      "label": "Directory",
      "sample": "~/dev/ccsidekick",
      "sig": "acc",
    },
    {
      "icon": "📂",
      "id": "added_dirs",
      "label": "Added Dirs",
      "sample": "+2 dirs",
      "sig": "",
    },
    {
      "icon": "🪧",
      "id": "session_name",
      "label": "Session Name",
      "sample": "feat-widgets",
      "sig": "",
    },
    {
      "icon": "🌿",
      "id": "git_branch",
      "label": "Git Branch",
      "sample": "feat/widget-layer",
      "sig": "",
    },
    {
      "icon": "🔖",
      "id": "git_hash",
      "label": "Git Hash",
      "sample": "a1b2c3d",
      "sig": "",
    },
    {
      "icon": "🏷️",
      "id": "git_tag",
      "label": "Git Tag",
      "sample": "v1.4.0",
      "sig": "",
    },
    {
      "icon": "🌳",
      "id": "git_worktree",
      "label": "Git Worktree",
      "sample": "wt: review",
      "sig": "",
    },
    {
      "icon": "",
      "id": "git_changes",
      "label": "Git Changes",
      "sample": "+32 2 files",
      "sig": "",
    },
    {
      "icon": "",
      "id": "git_ahead_behind",
      "label": "Git Ahead & Behind",
      "sample": "↑1 ↓0",
      "sig": "",
    },
    {
      "icon": "",
      "id": "git_status",
      "label": "Git Status",
      "sample": "(+1 !1 ?1)",
      "sig": "",
    },
    {
      "icon": "⚠️",
      "id": "git_conflict",
      "label": "Git Conflict",
      "sample": "conflict",
      "sig": "crit",
    },
    {
      "icon": "",
      "id": "git_operation",
      "label": "Git Operation",
      "sample": "rebase 2/5",
      "sig": "warn",
    },
    {
      "icon": "🗄️",
      "id": "git_stash",
      "label": "Git Stash",
      "sample": "2 stashed",
      "sig": "",
    },
    {
      "icon": "🔗",
      "id": "pr",
      "label": "Pull Request",
      "sample": "PR #42 · approved",
      "sig": "ok",
    },
    {
      "icon": "",
      "id": "model",
      "label": "Model",
      "sample": "Opus 4.8 (1M) ✦ high",
      "sig": "",
    },
    {
      "icon": "⚡",
      "id": "fast_mode",
      "label": "Fast Mode",
      "sample": "Fast",
      "sig": "warn",
    },
    {
      "icon": "🧠",
      "id": "thinking",
      "label": "Thinking",
      "sample": "Thinking…",
      "sig": "acc",
    },
    {
      "icon": "✍️",
      "id": "output_style",
      "label": "Output Style",
      "sample": "Style: concise",
      "sig": "",
    },
    {
      "icon": "🤖",
      "id": "agent",
      "label": "Agent",
      "sample": "Agent: explore",
      "sig": "",
    },
    {
      "icon": "📊",
      "id": "context_usage",
      "label": "Context Usage",
      "sample": "43% (430k/1M)",
      "sig": "warn",
    },
    {
      "icon": "🗜️",
      "id": "compactions",
      "label": "Compactions",
      "sample": "2",
      "sig": "",
    },
    {
      "icon": "🧾",
      "id": "cost_chat",
      "label": "Chat Cost",
      "sample": "$0.48",
      "sig": "ok",
    },
    {
      "icon": "🏗️",
      "id": "cost_project",
      "label": "Project Cost",
      "sample": "$1.18",
      "sig": "ok",
    },
    {
      "icon": "🏦",
      "id": "cost_total",
      "label": "Total Cost",
      "sample": "$1.58",
      "sig": "ok",
    },
    {
      "icon": "📈",
      "id": "cost_burn",
      "label": "Cost Burn",
      "sample": "$4.20/h",
      "sig": "warn",
    },
    {
      "icon": "⏱️",
      "id": "block_usage",
      "label": "Block Usage",
      "sample": "86% (2h13m left)",
      "sig": "crit",
    },
    {
      "icon": "📅",
      "id": "weekly_usage",
      "label": "Weekly Usage",
      "sample": "63% (3d4h left)",
      "sig": "acc",
    },
    {
      "icon": "💳",
      "id": "balance",
      "label": "Balance",
      "sample": "$12.50",
      "sig": "ok",
    },
    {
      "icon": "💸",
      "id": "pay_as_you_go",
      "label": "Cost / Limit",
      "sample": "$3.10 / $20",
      "sig": "",
    },
    {
      "icon": "🎯",
      "id": "cache_hit",
      "label": "Cache Hit",
      "sample": "78%",
      "sig": "ok",
    },
    {
      "icon": "🔥",
      "id": "token_burn",
      "label": "Token Burn",
      "sample": "12k/min",
      "sig": "warn",
    },
    {
      "icon": "⏳",
      "id": "session_duration",
      "label": "Chat Duration",
      "sample": "1h 24m",
      "sig": "",
    },
    {
      "icon": "📝",
      "id": "todo",
      "label": "Todo",
      "sample": "3/7 done",
      "sig": "acc",
    },
  ],
}
`;
